// Vitest Snapshot v1

exports[`<SelectRequest /> > displays the list of options filtering by the text input 1`] = `
"❔   Select an option

 ❯ Item 1
   Item 2
   Item 3
"
`;

exports[`<SelectRequest /> > displays the list of options filtering by the text input 2`] = `
"❔   Select an option 1

 ❯ Item 1
"
`;
