Create a pull request for the current branch on GitHub.

The review command will:
1. Push the current branch to the remote if not already pushed
2. Check if a PR already exists for the branch
3. Create a PR with title from the Jira issue summary (or branch name if --simple)
4. Use a template for the PR body with Summary and Description placeholders
5. Optionally update the Jira issue status to "In Review" and add a comment with the PR link

Examples:
  # Create a PR with Jira integration
  fotingo review

  # Create a draft PR
  fotingo review --draft

  # Create a PR without Jira integration
  fotingo review --simple

  # Create a PR with reviewers (users or teams) and assignees
  fotingo review -r alice -r acme/platform -a bob -l bug -l priority

  # Fill the default Summary and Description sections
  fotingo review --template-summary "PROJ-123: Improve login" --template-description "Why: clearer auth failures.\n\nWhat changed:\n- improve copy\n- add telemetry"

  # Create a PR with a custom title
  fotingo review --title "Fix critical bug in auth module"

  # Target a non-default base branch
  fotingo review --branch release/2026.04

  # Replace the full PR body from stdin
  printf '## Summary\n\nCustom summary\n\n## Description\n\nCustom description\n' | fotingo review --description -

  # Get JSON output for scripting
  fotingo review --json -y

Usage:
  fotingo review [flags]
  fotingo review [command]

Available Commands:
  sync        Refresh fotingo-managed sections in the current pull request

Flags:
  -a, --assignee strings              Assignees to add to the pull request (can be specified multiple times)
      --description string            Override the entire pull request body (use '-' for stdin)
  -d, --draft                         Create a draft pull request
  -h, --help                          help for review
  -l, --labels strings                Labels to add to the pull request (can be specified multiple times)
  -r, --reviewers strings             Reviewers to request (users or teams, can be specified multiple times)
  -s, --simple                        Skip Jira integration (just create PR)
      --template-description string   Override the default Description section content; expands escaped \n, \r\n, and \t
      --template-summary string       Override the default Summary section content
      --title string                  Override pull request title

Global Flags:
  -b, --branch string   Base branch override (default: auto-detect)
      --debug           Show diagnostic output (includes verbose)
      --json            Output results as JSON
      --no-color        Disable colored output
      --quiet           Suppress non-essential output
  -v, --verbose         Show step-level progress output
  -y, --yes             Accept defaults without prompting

Use "fotingo review [command] --help" for more information about a command.
