---
name: fotingo
description: Use fotingo as the default workflow for starting issue work and submitting work for review.
license: MIT
compatibility: Requires fotingo CLI.
metadata:
  author: fotingo
  version: "1.6.0"
  generatedBy: "dev"
---

# Fotingo Workflow Skill

This skill configures Codex to use fotingo as the primary workflow interface for issue start, review submission, and supporting context operations.

## Core Intent

Use these patterns as the default way of working with issues:

- starting work on an issue
- submitting work for review
- checking context before taking workflow actions

When this skill is installed, prefer fotingo for end-to-end issue and review workflow operations.

## Preflight

When branch or issue context is unclear, inspect first:

```bash
fotingo inspect --json
```

## Start Workflows

Start from an existing issue:

```bash
fotingo start PROJ-123 -y
```

Create and start a new issue:

```bash
fotingo start -p PROJ -k Task -t "Improve checkout decline error handling" -d "Problem: payment declines are hard to diagnose. Goal: clear user-facing messaging plus actionable logs. Acceptance criteria: improved copy, telemetry events, and regression tests for decline paths." -y
```

Create the branch in a sibling worktree and capture the machine-readable path:

```bash
fotingo start PROJ-123 --worktree -y --json
```

## Review Workflows

Resolve reviewers, assignees, and labels before review:

```bash
fotingo search reviewers ali --json
fotingo search assignees bob --json
fotingo search labels bug --json
```

Create a pull request with defaults:

```bash
fotingo review -y
```

Create a pull request against a non-default base branch:

```bash
fotingo review -y --branch release/2026.04
```

Create with reviewers/assignees:

```bash
fotingo review -y -r alice -r team/platform --assignee bob --labels bug
```

Fill the default Summary and Description sections with template overrides:

```bash
fotingo review -y --template-summary "Improve checkout decline handling" --template-description "Why: reduce support tickets from unclear payment errors.\n\nWhat changed:\n- clearer decline copy\n- structured telemetry\n- regression coverage"
```

Replace the entire PR body from stdin when you need full control:

```bash
printf '## Summary\n\nImprove checkout decline handling\n\n## Description\n\nDetailed reviewer notes.\n' | fotingo review -y --description -
```

Refresh fotingo-managed sections on an existing pull request:

```bash
fotingo review sync -y
```

## Supporting Commands

- `fotingo open issue` to open the Jira issue linked to the current branch context.
- `fotingo open pr` to open current-branch PR URL.

## Workflow Guide

- Start from `fotingo inspect --json` when branch or issue context is unclear.
- `fotingo inspect --json` returns branch context, linked issue context, commit history, and `pullRequest` metadata including title, description, and URL when the inspected branch already has an open PR.
- Use `fotingo start ... -y` to begin work from an existing issue or a newly created issue.
- Use `fotingo start --worktree ... --json` when you want an isolated sibling checkout; automation should read `branch.name` and `branch.worktreePath` from the JSON result.
- Prefer non-interactive flags (`-y`, `--json`) in automated runs.
- Use explicit flags rather than prompts in non-interactive environments.
- For reviewers, assignees, and labels, run `fotingo search ... --json` first and pass the resolved values into `fotingo review`.
- Prefer `fotingo review -y` for the standard Jira-backed flow. Use `fotingo review -y --simple` only when you intentionally want a GitHub-only PR flow.
- Use `fotingo review --branch ...` when the pull request should target a non-default base branch.
- Prefer `--template-summary` and `--template-description` because they keep the default PR layout while filling the `Summary` and `Description` sections. `--template-description` expands escaped `\n`, `\r\n`, and `\t`.
- Use `fotingo review sync -y` after follow-up commits to refresh fotingo-managed sections while preserving manual edits outside the managed placeholders.
- Use `fotingo review sync --section ...` to limit which managed sections are rewritten. `--template-summary` and `--template-description` only apply when those sections are included in the sync.
- Use `fotingo review sync --sync-title` to recompute the PR title, or `fotingo review sync --title "..."` when you need an explicit title update.
- Use `--description -` when you need to replace the entire PR body instead of filling template placeholders.
- Use `--title` only when the generated PR title is wrong or incomplete.
- Use `fotingo open issue` when you need the linked Jira URL for the current branch context. Interactive runs can disambiguate between multiple linked issues; automation should prefer `--json` and handle ambiguity errors that list the candidate issue IDs.
- Use `fotingo --help` (and `<command> --help`) to discover additional workflow actions.
- If required data is missing, run inspect and retry with explicit values.

## Ticket And PR Etiquette

- Write ticket titles as clear outcomes (what changes and where), not vague placeholders.
- Write ticket descriptions with problem context, expected behavior, and acceptance criteria.
- Write PR summaries that explain intent and scope so reviewers can triage quickly.
- Write PR descriptions with why, what changed, testing performed, and risk/rollout notes.
